// Jest Snapshot v1, https://goo.gl/fbAQLP

exports[`Layout works 1`] = `
.c0 {
  width: 100%;
  height: 100%;
  position: absolute;
  background: linear-gradient(120deg,#8ddad5,#00cdac);
}

.c2 {
  display: inline-block;
  padding: 1em;
  margin-bottom: 0;
}

.c1 {
  list-style-type: none;
  text-align: center;
  margin-bottom: 0;
}

.c3 {
  background: white;
  max-width: 960px;
  margin: auto;
  padding: 3rem;
  border-radius: 3rem;
}

.c3 > :last-child {
  margin-bottom: 0;
}

<div
  class="c0"
>
  <ul
    class="c1"
  >
    <li
      class="c2"
    >
      <a
        aria-current="page"
        class=""
        href="/"
        style="text-decoration: none; color: white;"
      >
        home
      </a>
    </li>
    <li
      class="c2"
    >
      <a
        href="/contact"
        style="text-decoration: none; color: white;"
      >
        contact
      </a>
    </li>
  </ul>
  <div
    class="c3"
  />
</div>
`;
